13:40:26 INFO    season structure: E E2025
13:40:26 INFO    E2025: 402 games in schedule
13:40:27 INFO    HTTP Request: GET https://api-live.euroleague.net/v2/competitions/E/seasons/E2025/games/3/stats "HTTP/1.1 200 OK"
13:40:32 INFO    HTTP Request: GET https://live.euroleague.net/api/PlayByPlay?gamecode=3&seasoncode=E2025 "HTTP/1.1 200 OK"
13:40:38 INFO    HTTP Request: GET https://live.euroleague.net/api/Points?gamecode=3&seasoncode=E2025 "HTTP/1.1 200 OK"
13:40:45 INFO    HTTP Request: GET https://api-live.euroleague.net/v2/competitions/E/seasons/E2025/games/4/stats "HTTP/1.1 200 OK"
13:40:50 INFO    HTTP Request: GET https://live.euroleague.net/api/PlayByPlay?gamecode=4&seasoncode=E2025 "HTTP/1.1 200 OK"
13:40:56 INFO    HTTP Request: GET https://live.euroleague.net/api/Points?gamecode=4&seasoncode=E2025 "HTTP/1.1 200 OK"
13:41:03 INFO    HTTP Request: GET https://api-live.euroleague.net/v2/competitions/E/seasons/E2025/games/5/stats "HTTP/1.1 200 OK"
13:41:09 INFO    HTTP Request: GET https://live.euroleague.net/api/PlayByPlay?gamecode=5&seasoncode=E2025 "HTTP/1.1 200 OK"
13:41:14 INFO    HTTP Request: GET https://live.euroleague.net/api/Points?gamecode=5&seasoncode=E2025 "HTTP/1.1 200 OK"
13:41:21 INFO    HTTP Request: GET https://api-live.euroleague.net/v2/competitions/E/seasons/E2025/games/6/stats "HTTP/1.1 200 OK"
13:41:27 INFO    HTTP Request: GET https://live.euroleague.net/api/PlayByPlay?gamecode=6&seasoncode=E2025 "HTTP/1.1 200 OK"
13:41:33 INFO    HTTP Request: GET https://live.euroleague.net/api/Points?gamecode=6&seasoncode=E2025 "HTTP/1.1 200 OK"
13:41:39 INFO    HTTP Request: GET https://api-live.euroleague.net/v2/competitions/E/seasons/E2025/games/7/stats "HTTP/1.1 200 OK"
13:41:45 INFO    HTTP Request: GET https://live.euroleague.net/api/PlayByPlay?gamecode=7&seasoncode=E2025 "HTTP/1.1 200 OK"
13:41:51 INFO    HTTP Request: GET https://live.euroleague.net/api/Points?gamecode=7&seasoncode=E2025 "HTTP/1.1 200 OK"
13:41:57 INFO    HTTP Request: GET https://api-live.euroleague.net/v2/competitions/E/seasons/E2025/games/8/stats "HTTP/1.1 200 OK"
13:42:03 INFO    HTTP Request: GET https://live.euroleague.net/api/PlayByPlay?gamecode=8&seasoncode=E2025 "HTTP/1.1 200 OK"
13:42:09 INFO    HTTP Request: GET https://live.euroleague.net/api/Points?gamecode=8&seasoncode=E2025 "HTTP/1.1 200 OK"
13:42:15 INFO    HTTP Request: GET https://api-live.euroleague.net/v2/competitions/E/seasons/E2025/games/9/stats "HTTP/1.1 200 OK"
13:42:21 INFO    HTTP Request: GET https://live.euroleague.net/api/PlayByPlay?gamecode=9&seasoncode=E2025 "HTTP/1.1 200 OK"
13:42:27 INFO    HTTP Request: GET https://live.euroleague.net/api/Points?gamecode=9&seasoncode=E2025 "HTTP/1.1 200 OK"
13:42:33 INFO    HTTP Request: GET https://api-live.euroleague.net/v2/competitions/E/seasons/E2025/games/10/stats "HTTP/1.1 200 OK"
13:42:39 INFO    HTTP Request: GET https://live.euroleague.net/api/PlayByPlay?gamecode=10&seasoncode=E2025 "HTTP/1.1 200 OK"
13:42:45 INFO    HTTP Request: GET https://live.euroleague.net/api/Points?gamecode=10&seasoncode=E2025 "HTTP/1.1 200 OK"
13:42:51 INFO    HTTP Request: GET https://api-live.euroleague.net/v2/competitions/E/seasons/E2025/games/11/stats "HTTP/1.1 200 OK"
13:42:57 INFO    HTTP Request: GET https://live.euroleague.net/api/PlayByPlay?gamecode=11&seasoncode=E2025 "HTTP/1.1 200 OK"
13:43:03 INFO    HTTP Request: GET https://live.euroleague.net/api/Points?gamecode=11&seasoncode=E2025 "HTTP/1.1 200 OK"
13:43:09 INFO    HTTP Request: GET https://api-live.euroleague.net/v2/competitions/E/seasons/E2025/games/12/stats "HTTP/1.1 200 OK"
13:43:15 INFO    HTTP Request: GET https://live.euroleague.net/api/PlayByPlay?gamecode=12&seasoncode=E2025 "HTTP/1.1 200 OK"
13:43:21 INFO    HTTP Request: GET https://live.euroleague.net/api/Points?gamecode=12&seasoncode=E2025 "HTTP/1.1 200 OK"
13:43:27 INFO    HTTP Request: GET https://api-live.euroleague.net/v2/competitions/E/seasons/E2025/games/13/stats "HTTP/1.1 200 OK"
13:43:33 INFO    HTTP Request: GET https://live.euroleague.net/api/PlayByPlay?gamecode=13&seasoncode=E2025 "HTTP/1.1 200 OK"
13:43:39 INFO    HTTP Request: GET https://live.euroleague.net/api/Points?gamecode=13&seasoncode=E2025 "HTTP/1.1 200 OK"
13:43:45 INFO    HTTP Request: GET https://api-live.euroleague.net/v2/competitions/E/seasons/E2025/games/14/stats "HTTP/1.1 200 OK"
13:43:51 INFO    HTTP Request: GET https://live.euroleague.net/api/PlayByPlay?gamecode=14&seasoncode=E2025 "HTTP/1.1 200 OK"
13:43:57 INFO    HTTP Request: GET https://live.euroleague.net/api/Points?gamecode=14&seasoncode=E2025 "HTTP/1.1 200 OK"
13:44:03 INFO    HTTP Request: GET https://api-live.euroleague.net/v2/competitions/E/seasons/E2025/games/15/stats "HTTP/1.1 200 OK"
13:44:09 INFO    HTTP Request: GET https://live.euroleague.net/api/PlayByPlay?gamecode=15&seasoncode=E2025 "HTTP/1.1 200 OK"
13:44:15 INFO    HTTP Request: GET https://live.euroleague.net/api/Points?gamecode=15&seasoncode=E2025 "HTTP/1.1 200 OK"
13:44:21 INFO    HTTP Request: GET https://api-live.euroleague.net/v2/competitions/E/seasons/E2025/games/16/stats "HTTP/1.1 200 OK"
13:44:21 INFO    clean run, easing interval to 5.4s
13:44:26 INFO    HTTP Request: GET https://live.euroleague.net/api/PlayByPlay?gamecode=16&seasoncode=E2025 "HTTP/1.1 200 OK"
13:44:32 INFO    HTTP Request: GET https://live.euroleague.net/api/Points?gamecode=16&seasoncode=E2025 "HTTP/1.1 200 OK"
13:44:37 INFO    HTTP Request: GET https://api-live.euroleague.net/v2/competitions/E/seasons/E2025/games/17/stats "HTTP/1.1 200 OK"
13:44:42 INFO    HTTP Request: GET https://live.euroleague.net/api/PlayByPlay?gamecode=17&seasoncode=E2025 "HTTP/1.1 200 OK"
13:44:48 INFO    HTTP Request: GET https://live.euroleague.net/api/Points?gamecode=17&seasoncode=E2025 "HTTP/1.1 200 OK"
13:44:53 INFO    HTTP Request: GET https://api-live.euroleague.net/v2/competitions/E/seasons/E2025/games/18/stats "HTTP/1.1 200 OK"
13:44:59 INFO    HTTP Request: GET https://live.euroleague.net/api/PlayByPlay?gamecode=18&seasoncode=E2025 "HTTP/1.1 200 OK"
13:45:04 INFO    HTTP Request: GET https://live.euroleague.net/api/Points?gamecode=18&seasoncode=E2025 "HTTP/1.1 200 OK"
13:45:10 INFO    HTTP Request: GET https://api-live.euroleague.net/v2/competitions/E/seasons/E2025/games/19/stats "HTTP/1.1 200 OK"
13:45:15 INFO    HTTP Request: GET https://live.euroleague.net/api/PlayByPlay?gamecode=19&seasoncode=E2025 "HTTP/1.1 200 OK"
13:45:20 INFO    HTTP Request: GET https://live.euroleague.net/api/Points?gamecode=19&seasoncode=E2025 "HTTP/1.1 200 OK"
13:45:26 INFO    HTTP Request: GET https://api-live.euroleague.net/v2/competitions/E/seasons/E2025/games/20/stats "HTTP/1.1 200 OK"
13:45:31 INFO    HTTP Request: GET https://live.euroleague.net/api/PlayByPlay?gamecode=20&seasoncode=E2025 "HTTP/1.1 200 OK"
13:45:36 INFO    HTTP Request: GET https://live.euroleague.net/api/Points?gamecode=20&seasoncode=E2025 "HTTP/1.1 200 OK"
13:45:42 INFO    HTTP Request: GET https://api-live.euroleague.net/v2/competitions/E/seasons/E2025/games/21/stats "HTTP/1.1 200 OK"
13:45:47 INFO    HTTP Request: GET https://live.euroleague.net/api/PlayByPlay?gamecode=21&seasoncode=E2025 "HTTP/1.1 200 OK"
13:45:53 INFO    HTTP Request: GET https://live.euroleague.net/api/Points?gamecode=21&seasoncode=E2025 "HTTP/1.1 200 OK"
13:45:58 INFO    HTTP Request: GET https://api-live.euroleague.net/v2/competitions/E/seasons/E2025/games/22/stats "HTTP/1.1 200 OK"
13:46:03 INFO    HTTP Request: GET https://live.euroleague.net/api/PlayByPlay?gamecode=22&seasoncode=E2025 "HTTP/1.1 200 OK"
13:46:09 INFO    HTTP Request: GET https://live.euroleague.net/api/Points?gamecode=22&seasoncode=E2025 "HTTP/1.1 200 OK"
13:46:15 INFO    HTTP Request: GET https://api-live.euroleague.net/v2/competitions/E/seasons/E2025/games/23/stats "HTTP/1.1 200 OK"
13:46:20 INFO    HTTP Request: GET https://live.euroleague.net/api/PlayByPlay?gamecode=23&seasoncode=E2025 "HTTP/1.1 200 OK"
13:46:25 INFO    HTTP Request: GET https://live.euroleague.net/api/Points?gamecode=23&seasoncode=E2025 "HTTP/1.1 200 OK"
13:46:31 INFO    HTTP Request: GET https://api-live.euroleague.net/v2/competitions/E/seasons/E2025/games/24/stats "HTTP/1.1 200 OK"
13:46:36 INFO    HTTP Request: GET https://live.euroleague.net/api/PlayByPlay?gamecode=24&seasoncode=E2025 "HTTP/1.1 200 OK"
13:46:41 INFO    HTTP Request: GET https://live.euroleague.net/api/Points?gamecode=24&seasoncode=E2025 "HTTP/1.1 200 OK"
13:46:47 INFO    HTTP Request: GET https://api-live.euroleague.net/v2/competitions/E/seasons/E2025/games/25/stats "HTTP/1.1 200 OK"
13:46:52 INFO    HTTP Request: GET https://live.euroleague.net/api/PlayByPlay?gamecode=25&seasoncode=E2025 "HTTP/1.1 200 OK"
13:46:58 INFO    HTTP Request: GET https://live.euroleague.net/api/Points?gamecode=25&seasoncode=E2025 "HTTP/1.1 200 OK"
13:46:58 INFO    E2025 25/402 games | 69 requests, 10 cached, 0 rate-limits, 371.3s slept
13:47:03 INFO    HTTP Request: GET https://api-live.euroleague.net/v2/competitions/E/seasons/E2025/games/26/stats "HTTP/1.1 200 OK"
13:47:08 INFO    HTTP Request: GET https://live.euroleague.net/api/PlayByPlay?gamecode=26&seasoncode=E2025 "HTTP/1.1 200 OK"
13:47:14 INFO    HTTP Request: GET https://live.euroleague.net/api/Points?gamecode=26&seasoncode=E2025 "HTTP/1.1 200 OK"
13:47:19 INFO    HTTP Request: GET https://api-live.euroleague.net/v2/competitions/E/seasons/E2025/games/27/stats "HTTP/1.1 200 OK"
13:47:25 INFO    HTTP Request: GET https://live.euroleague.net/api/PlayByPlay?gamecode=27&seasoncode=E2025 "HTTP/1.1 200 OK"
13:47:30 INFO    HTTP Request: GET https://live.euroleague.net/api/Points?gamecode=27&seasoncode=E2025 "HTTP/1.1 200 OK"
13:47:36 INFO    HTTP Request: GET https://api-live.euroleague.net/v2/competitions/E/seasons/E2025/games/28/stats "HTTP/1.1 200 OK"
13:47:41 INFO    HTTP Request: GET https://live.euroleague.net/api/PlayByPlay?gamecode=28&seasoncode=E2025 "HTTP/1.1 200 OK"
13:47:46 INFO    HTTP Request: GET https://live.euroleague.net/api/Points?gamecode=28&seasoncode=E2025 "HTTP/1.1 200 OK"
13:47:52 INFO    HTTP Request: GET https://api-live.euroleague.net/v2/competitions/E/seasons/E2025/games/29/stats "HTTP/1.1 200 OK"
13:47:57 INFO    HTTP Request: GET https://live.euroleague.net/api/PlayByPlay?gamecode=29&seasoncode=E2025 "HTTP/1.1 200 OK"
13:47:57 INFO    clean run, easing interval to 4.9s
13:48:02 INFO    HTTP Request: GET https://live.euroleague.net/api/Points?gamecode=29&seasoncode=E2025 "HTTP/1.1 200 OK"
13:48:07 INFO    HTTP Request: GET https://api-live.euroleague.net/v2/competitions/E/seasons/E2025/games/30/stats "HTTP/1.1 200 OK"
13:48:12 INFO    HTTP Request: GET https://live.euroleague.net/api/PlayByPlay?gamecode=30&seasoncode=E2025 "HTTP/1.1 200 OK"
13:48:16 INFO    HTTP Request: GET https://live.euroleague.net/api/Points?gamecode=30&seasoncode=E2025 "HTTP/1.1 200 OK"
13:48:22 INFO    HTTP Request: GET https://api-live.euroleague.net/v2/competitions/E/seasons/E2025/games/31/stats "HTTP/1.1 200 OK"
13:48:26 INFO    HTTP Request: GET https://live.euroleague.net/api/PlayByPlay?gamecode=31&seasoncode=E2025 "HTTP/1.1 200 OK"
13:48:31 INFO    HTTP Request: GET https://live.euroleague.net/api/Points?gamecode=31&seasoncode=E2025 "HTTP/1.1 200 OK"
13:48:36 INFO    HTTP Request: GET https://api-live.euroleague.net/v2/competitions/E/seasons/E2025/games/32/stats "HTTP/1.1 200 OK"
13:48:41 INFO    HTTP Request: GET https://live.euroleague.net/api/PlayByPlay?gamecode=32&seasoncode=E2025 "HTTP/1.1 200 OK"
13:48:46 INFO    HTTP Request: GET https://live.euroleague.net/api/Points?gamecode=32&seasoncode=E2025 "HTTP/1.1 200 OK"
13:48:51 INFO    HTTP Request: GET https://api-live.euroleague.net/v2/competitions/E/seasons/E2025/games/33/stats "HTTP/1.1 200 OK"
13:48:56 INFO    HTTP Request: GET https://live.euroleague.net/api/PlayByPlay?gamecode=33&seasoncode=E2025 "HTTP/1.1 200 OK"
13:49:00 INFO    HTTP Request: GET https://live.euroleague.net/api/Points?gamecode=33&seasoncode=E2025 "HTTP/1.1 200 OK"
13:49:05 INFO    HTTP Request: GET https://api-live.euroleague.net/v2/competitions/E/seasons/E2025/games/34/stats "HTTP/1.1 200 OK"
13:49:11 INFO    HTTP Request: GET https://live.euroleague.net/api/PlayByPlay?gamecode=34&seasoncode=E2025 "HTTP/1.1 200 OK"
13:49:15 INFO    HTTP Request: GET https://live.euroleague.net/api/Points?gamecode=34&seasoncode=E2025 "HTTP/1.1 200 OK"
13:49:20 INFO    HTTP Request: GET https://api-live.euroleague.net/v2/competitions/E/seasons/E2025/games/35/stats "HTTP/1.1 200 OK"
13:49:25 INFO    HTTP Request: GET https://live.euroleague.net/api/PlayByPlay?gamecode=35&seasoncode=E2025 "HTTP/1.1 200 OK"
13:49:29 INFO    HTTP Request: GET https://live.euroleague.net/api/Points?gamecode=35&seasoncode=E2025 "HTTP/1.1 200 OK"
13:49:35 INFO    HTTP Request: GET https://api-live.euroleague.net/v2/competitions/E/seasons/E2025/games/36/stats "HTTP/1.1 200 OK"
13:49:40 INFO    HTTP Request: GET https://live.euroleague.net/api/PlayByPlay?gamecode=36&seasoncode=E2025 "HTTP/1.1 200 OK"
13:49:44 INFO    HTTP Request: GET https://live.euroleague.net/api/Points?gamecode=36&seasoncode=E2025 "HTTP/1.1 200 OK"
13:49:49 INFO    HTTP Request: GET https://api-live.euroleague.net/v2/competitions/E/seasons/E2025/games/37/stats "HTTP/1.1 200 OK"
13:49:55 INFO    HTTP Request: GET https://live.euroleague.net/api/PlayByPlay?gamecode=37&seasoncode=E2025 "HTTP/1.1 200 OK"
13:49:59 INFO    HTTP Request: GET https://live.euroleague.net/api/Points?gamecode=37&seasoncode=E2025 "HTTP/1.1 200 OK"
13:50:04 INFO    HTTP Request: GET https://api-live.euroleague.net/v2/competitions/E/seasons/E2025/games/38/stats "HTTP/1.1 200 OK"
13:50:09 INFO    HTTP Request: GET https://live.euroleague.net/api/PlayByPlay?gamecode=38&seasoncode=E2025 "HTTP/1.1 200 OK"
13:50:13 INFO    HTTP Request: GET https://live.euroleague.net/api/Points?gamecode=38&seasoncode=E2025 "HTTP/1.1 200 OK"
13:50:19 INFO    HTTP Request: GET https://api-live.euroleague.net/v2/competitions/E/seasons/E2025/games/39/stats "HTTP/1.1 200 OK"
13:50:24 INFO    HTTP Request: GET https://live.euroleague.net/api/PlayByPlay?gamecode=39&seasoncode=E2025 "HTTP/1.1 200 OK"
13:50:28 INFO    HTTP Request: GET https://live.euroleague.net/api/Points?gamecode=39&seasoncode=E2025 "HTTP/1.1 200 OK"
13:50:33 INFO    HTTP Request: GET https://api-live.euroleague.net/v2/competitions/E/seasons/E2025/games/40/stats "HTTP/1.1 200 OK"
13:50:38 INFO    HTTP Request: GET https://live.euroleague.net/api/PlayByPlay?gamecode=40&seasoncode=E2025 "HTTP/1.1 200 OK"
13:50:43 INFO    HTTP Request: GET https://live.euroleague.net/api/Points?gamecode=40&seasoncode=E2025 "HTTP/1.1 200 OK"
13:50:48 INFO    HTTP Request: GET https://api-live.euroleague.net/v2/competitions/E/seasons/E2025/games/41/stats "HTTP/1.1 200 OK"
13:50:53 INFO    HTTP Request: GET https://live.euroleague.net/api/PlayByPlay?gamecode=41&seasoncode=E2025 "HTTP/1.1 200 OK"
13:50:57 INFO    HTTP Request: GET https://live.euroleague.net/api/Points?gamecode=41&seasoncode=E2025 "HTTP/1.1 200 OK"
13:51:02 INFO    HTTP Request: GET https://api-live.euroleague.net/v2/competitions/E/seasons/E2025/games/42/stats "HTTP/1.1 200 OK"
13:51:08 INFO    HTTP Request: GET https://live.euroleague.net/api/PlayByPlay?gamecode=42&seasoncode=E2025 "HTTP/1.1 200 OK"
13:51:12 INFO    HTTP Request: GET https://live.euroleague.net/api/Points?gamecode=42&seasoncode=E2025 "HTTP/1.1 200 OK"
13:51:12 INFO    clean run, easing interval to 4.4s
13:51:16 INFO    HTTP Request: GET https://api-live.euroleague.net/v2/competitions/E/seasons/E2025/games/43/stats "HTTP/1.1 200 OK"
13:51:21 INFO    HTTP Request: GET https://live.euroleague.net/api/PlayByPlay?gamecode=43&seasoncode=E2025 "HTTP/1.1 200 OK"
13:51:25 INFO    HTTP Request: GET https://live.euroleague.net/api/Points?gamecode=43&seasoncode=E2025 "HTTP/1.1 200 OK"
13:51:30 INFO    HTTP Request: GET https://api-live.euroleague.net/v2/competitions/E/seasons/E2025/games/44/stats "HTTP/1.1 200 OK"
13:51:34 INFO    HTTP Request: GET https://live.euroleague.net/api/PlayByPlay?gamecode=44&seasoncode=E2025 "HTTP/1.1 200 OK"
13:51:38 INFO    HTTP Request: GET https://live.euroleague.net/api/Points?gamecode=44&seasoncode=E2025 "HTTP/1.1 200 OK"
13:51:43 INFO    HTTP Request: GET https://api-live.euroleague.net/v2/competitions/E/seasons/E2025/games/45/stats "HTTP/1.1 200 OK"
13:51:47 INFO    HTTP Request: GET https://live.euroleague.net/api/PlayByPlay?gamecode=45&seasoncode=E2025 "HTTP/1.1 200 OK"
13:51:51 INFO    HTTP Request: GET https://live.euroleague.net/api/Points?gamecode=45&seasoncode=E2025 "HTTP/1.1 200 OK"
13:51:56 INFO    HTTP Request: GET https://api-live.euroleague.net/v2/competitions/E/seasons/E2025/games/46/stats "HTTP/1.1 200 OK"
13:52:01 INFO    HTTP Request: GET https://live.euroleague.net/api/PlayByPlay?gamecode=46&seasoncode=E2025 "HTTP/1.1 200 OK"
13:52:04 INFO    HTTP Request: GET https://live.euroleague.net/api/Points?gamecode=46&seasoncode=E2025 "HTTP/1.1 200 OK"
13:52:09 INFO    HTTP Request: GET https://api-live.euroleague.net/v2/competitions/E/seasons/E2025/games/47/stats "HTTP/1.1 200 OK"
13:52:14 INFO    HTTP Request: GET https://live.euroleague.net/api/PlayByPlay?gamecode=47&seasoncode=E2025 "HTTP/1.1 200 OK"
13:52:17 INFO    HTTP Request: GET https://live.euroleague.net/api/Points?gamecode=47&seasoncode=E2025 "HTTP/1.1 200 OK"
13:52:22 INFO    HTTP Request: GET https://api-live.euroleague.net/v2/competitions/E/seasons/E2025/games/48/stats "HTTP/1.1 200 OK"
13:52:27 INFO    HTTP Request: GET https://live.euroleague.net/api/PlayByPlay?gamecode=48&seasoncode=E2025 "HTTP/1.1 200 OK"
13:52:31 INFO    HTTP Request: GET https://live.euroleague.net/api/Points?gamecode=48&seasoncode=E2025 "HTTP/1.1 200 OK"
13:52:35 INFO    HTTP Request: GET https://api-live.euroleague.net/v2/competitions/E/seasons/E2025/games/49/stats "HTTP/1.1 200 OK"
13:52:40 INFO    HTTP Request: GET https://live.euroleague.net/api/PlayByPlay?gamecode=49&seasoncode=E2025 "HTTP/1.1 200 OK"
13:52:44 INFO    HTTP Request: GET https://live.euroleague.net/api/Points?gamecode=49&seasoncode=E2025 "HTTP/1.1 200 OK"
13:52:48 INFO    HTTP Request: GET https://api-live.euroleague.net/v2/competitions/E/seasons/E2025/games/50/stats "HTTP/1.1 200 OK"
13:52:53 INFO    HTTP Request: GET https://live.euroleague.net/api/PlayByPlay?gamecode=50&seasoncode=E2025 "HTTP/1.1 200 OK"
13:52:57 INFO    HTTP Request: GET https://live.euroleague.net/api/Points?gamecode=50&seasoncode=E2025 "HTTP/1.1 200 OK"
13:52:57 INFO    E2025 50/402 games | 144 requests, 10 cached, 0 rate-limits, 696.6s slept
13:53:02 INFO    HTTP Request: GET https://api-live.euroleague.net/v2/competitions/E/seasons/E2025/games/51/stats "HTTP/1.1 200 OK"
13:53:06 INFO    HTTP Request: GET https://live.euroleague.net/api/PlayByPlay?gamecode=51&seasoncode=E2025 "HTTP/1.1 200 OK"
13:53:10 INFO    HTTP Request: GET https://live.euroleague.net/api/Points?gamecode=51&seasoncode=E2025 "HTTP/1.1 200 OK"
13:53:15 INFO    HTTP Request: GET https://api-live.euroleague.net/v2/competitions/E/seasons/E2025/games/52/stats "HTTP/1.1 200 OK"
13:53:19 INFO    HTTP Request: GET https://live.euroleague.net/api/PlayByPlay?gamecode=52&seasoncode=E2025 "HTTP/1.1 200 OK"
13:53:24 INFO    HTTP Request: GET https://live.euroleague.net/api/Points?gamecode=52&seasoncode=E2025 "HTTP/1.1 200 OK"
13:53:28 INFO    HTTP Request: GET https://api-live.euroleague.net/v2/competitions/E/seasons/E2025/games/53/stats "HTTP/1.1 200 OK"
13:53:33 INFO    HTTP Request: GET https://live.euroleague.net/api/PlayByPlay?gamecode=53&seasoncode=E2025 "HTTP/1.1 200 OK"
13:53:37 INFO    HTTP Request: GET https://live.euroleague.net/api/Points?gamecode=53&seasoncode=E2025 "HTTP/1.1 200 OK"
13:53:41 INFO    HTTP Request: GET https://api-live.euroleague.net/v2/competitions/E/seasons/E2025/games/54/stats "HTTP/1.1 200 OK"
13:53:46 INFO    HTTP Request: GET https://live.euroleague.net/api/PlayByPlay?gamecode=54&seasoncode=E2025 "HTTP/1.1 200 OK"
13:53:50 INFO    HTTP Request: GET https://live.euroleague.net/api/Points?gamecode=54&seasoncode=E2025 "HTTP/1.1 200 OK"
13:53:54 INFO    HTTP Request: GET https://api-live.euroleague.net/v2/competitions/E/seasons/E2025/games/55/stats "HTTP/1.1 200 OK"
